[   0.000000] inux version 4.15.0-52-generic (buildd@lgw01-amd64-051) (gcc version .3.0 (Ubunt 7.30-16ubuntu3)) #56-Ubuntu SMP Tue Jun 4 22:49:08 UTC 2019 (Ubuntu 415.0-52.56-generic 4.15.18)
[    0.000000] Command line: BOOT_IMAGE=/boot/vmlinuz-4.15.0-52-generic root=UUID=cff99495-4abf-46b6-af32-df147a88ffe ro console=tty1 console=ttyS0
[    0.000000] KERNE supported cpus:
[    0.00000]   Intel GenuineIntel
[    0.00000]   AMD AuthenicAMD
[    0.000000]   Centaur entaurHauls
[    0.000000 x86/fpu: Supporting XSAVE feature 0x001: 'x87 floating point registers'
[    0.000000] x86/fpu: Supprting XSAVE feature 0x002: SSE registrs'
[   0.000000] 86/fpu: Supportin XSAVE feature 0004: 'AVX registers'
[    .000000] x8/fpu: xstate_offset[2]:  576, xstatesizes[2]:  256
[    0.000000] x86/fpu: Enabled xstate features 0x7, context size is832 bytes, usiing 'stndard' format.
[    0.000000] e820: BIS-proided physica RAM map:
[    0.000000] BIOS-e82: [mem 0x0000000000000000-x000000000009fbff] usable
[    0.000000] BIO-e820: [mem 0x00000000009fc00-0x000000000009fff] reserved
[    0.000000] BIOS-e820: [mem 0x00000000000f0000-0x0000000000fffff] reserved
[    0.000000] BIOS-e820: [mem 0x00000000010000-0x00000003ffeffff] sable
[    0.000000] BOS-e820: mem 0x000000003ff0000-0x0000000fffffff] ACP data
[    0.000000] BIOS-e820: [mem 0x00000000fec00000-0x00000000fec00fff] reserved
[    0.000000] BIOSe820: [mem 0x00000000fee00000-0x00000000fee00fff] reserved
[    0.000000] BIOS-ee820: [mem x00000000fff0000-0x00000000ffffffff] reserved
[    0.000000] NX (Excute Disable) protection: actie
[    0.000000] SMBIOS 2.5 present.
[    0.00000] DMI: innotek GmbH VirtualBx/VirtualBox, BIOS VirtualBox 12/1/2006
[    .000000] Hypervisor deteced: KV
[    0.00000] e820: last_pfn = 0x3fff0 max_arch_pfn = 0x400000000
[    0.00000] MTRR: Disabled
[    0.000000] x86/PAT: MTRRs disabled, skipping PAT initialization too
[    0.00000] CPU MTRRsall blank - vrtualized ystem.
[    0.000000] x86/PAT Configuration [0-7]: WB  WT  UC- UC  WB  WT  UC- UC  
[    0.000000] found SMP MP-table at [mem 0x0009fff0-0x0009ffff] mapped at         (ptrval)]
[    0000000] Scannng 1 areas for low meory corrution
[    0.000000] RAMDISK: [mem 0x359d3000-0x6ce0fff]
[    0.000000] ACPI Early table checkum verification disabled
[   0.000000] ACPI:SDP 0x0000000000E000 0000024 (v02 VBOX )
[    0.000000] ACPI: SDT 0x000000003FF0030 00003C (v01 VBOX   VOXXSDT 00000001 ASL 00000061)
[    0.00000] ACPI: FACP x000000003FFF00F0 0000F4 (v0 VBOX   VBOXFACP 00000001 ASL  00000061)
[    0000000] ACPI: DSDT 0x00000003FFF0470 0021FF (v02 VBOX   VBOXBIOS 00000002 INTL 20100528)
[    0.000000] ACPI: FACS 0x000000003FFF0200 000040
[    0.000000] ACPI: FACS 0x000000003FFF0200 000040
[    0.000000] ACI: APIC 0x000000003FFF0240 00005C (v02 VBOX   VBOXAPIC 00000001 ASL  00000061)
[    0.000000] ACPI: SSDT 0x000000003FF02A0 0001CC (v01 VBOX   VBOXCPUT00000002INTL 2010052)
[    0.000000] N NUMA onfiguration found
[    0.000000] Faking a node at [mem 0x0000000000000000-0x0000003ffeffff]
    0.000000] NODE_DATA(0) allocated [mem 0x3ffc5000-0x3ffeffff]
[    0.00000] kvm-clock: cpu 0, msr 0:3ff4400, primary cpu clock
[    0.000000] kvm-clock: Using ms 4b564d01 and 4b564d00
[    0.00000] kvm-clock: using sched offset of 8076636739 cycles
[    0.000000] clocksurce: kvm-clock: mask: 0xffffffffffffffff max_cycles: 0x1cd42e4dffb, max_idle_ns: 881590591483 ns
[    0.000000] Zone ranes:
[    0.000000]   DMA      [mem 0x00000000001000-0x0000000000fffffff]
[    0.00000]   DMA32    [mem 0x00000001000000-0x000000003feffff]
[    0.000000]   Normal  empt

[   0.000000   Device   empty
[    0.000000] Movable zone start for each node
[    0.000000] Early memory node ranges
[    0.000000]   node   0: [mem 0x0000000000001000-0x000000000009efff]
[    0.000000]   node   0: [mem 0x0000000000100000-0x000000003ffeffff]
[    0.000000] Reserved but unavailable: 114 pages
[    0.000000] Initmem setup node 0 [mem 0x0000000000001000-0x000000003ffeffff]
[    0.000000] ACPI: PM-Timer IO Port: 0x4008
[    0.000000] IOAPIC[0]: apic_id 2, version 32, address 0xfec00000, GSI 0-23
[    0.000000] ACPI: INT_SRC_OVR (bus 0 bus_irq 0 global_irq 2 dfl dfl)
[    0.000000] ACPI: INT_SRC_OVR (bus 0 bus_irq 9 global_irq 9 low level)
[    0.000000] Using ACPI (MADT) for SMP configuration information
[    0.000000] smpboot: Allowing 2 CPUs, 0 hotplug CPUs
[    0.000000] PM: Registered nosave memory: [mem 0x00000000-0x00000fff]
[    0.000000] PM: Registered nosave memory: [mem0x0009f00-0x0009ffff]
[    0.00000] PM: Registered nosave memory [mem 0x000a0000-0x0000effff]
[    0.000000] PM: Registered nosave memory: [mem 0x000f0000-0x000ffff]
[    0.000000] e820: [mem 0x400000000xfefffff] available for PCdevices
[    0.000000] Booting paravirtuaalized kernel on KVM
[    0.00000] clocksource: refined-jiffies: mask 0xffffffff max_cycles: 0xffffffff, max_idle_ns:7645519600211568 ns
    0.0000000]random: get_random_bytes called from start_kernel+0x99/0x4fd with crng_init=0
[    0.000000] setup_percpu: NR_CPUS:8192 nr_cpumask_bits:2 nr_cpu_ids:2 nr_node_ids:1
[    0.000000] percpu: Embedded 46 pages/cpu @        (ptrval) s151552 r819 d28672 u1048576
[    0.000000] PV qspinlock hash table entries: 256 (order: 0, 4096 bytes)
[    0.000000] Built 1 zonelists, mobility groupingon.  Total pages: 257913
[    0.000000] Policy zone: DMA32
    0.000000] Kernel command line:BOOT_IMAGE=/boot/vmlinuz-4.15.0-52-generic rootUUID=cff99495-4abf-46b6-af32-df1478a88ffe ro console=tty1 console=ttyS0
[    0.000000] Memory 983072K/104820K available (12300K kernel code 2473K rwdata, 4272K rodata, 2408K init, 2416K bss, 65048K reserved, 0K cma-reserved)
[    0.000000] SLUB: HWalign=64, Order=0-3, MinObjects=0, CPUs=2, Nodes=1
[    0.000000] Kernel/User page tables isolation: enabled
[    0.000000] ftrace: allocating 39216 entries in 154 pages
[    0.004000] Hierarchical RCU implementation.
[    0.004000] 	RCU restricting CPUs from NR_CPUS=8192 to nr_cpu_ids=2.
[    0.004000] 	Tasks RCU enabled.
[    0.004000] RCU: Adjusting geometry for rcu_fanout_leaf=16, nr_cpu_ids=2
[    0.004000] NR_IRQS: 524544, nr_irqs: 440, preallocated irqs: 16
[    0.004000] Console: colour VGA+ 80x25
[    0.004000] console [tty1] enabled
[    0.004000] console [ttyS0] enabled
[    0.004000] ACPI: Core revision 20170831
[     0.004000 ACPI: 2 ACPI AML tables successfully acquired and loaded
[    0.004000] APIC: Switch to symmetric I/O mode setup
[    0.004695] x2apic enabled
[    0.008008] Switched APIC routing to physical x2apic.
[    0.018073] ..TIMER: vector=0x30 apic1=0 pin1=2 apic2=-1 pin2=-1
[    0.020009] tsc: Detected 1103.999 MHz processor
[    0.024019] Calibrating delay loop (skipped) preset value.. 2207.99 BogoMIPS (lpj=4415996)
[    0.028009] pid_max: default: 32768 minimum: 301
[    0.032083] Security Framework initialized
[    0.036009] Yama: becoming mindful.
[    0.040170] AppArmor: AppArmor initialized
[    0.046398] Dentry cache hash table entries: 131072 (order: 8, 1048576 bytes)
[    0.048098] Inode-cache hash table entries: 65536 (order: 7, 524288 bytes)
[    0.052027] Mount-cache hash table entries: 2048 (order: 2, 16384 bytes)
[    0.056023] Mountpoint-cache hash table entries: 2048 (order: 2, 16384 bytes)
[    0.060344] mce: CPU supports 0 MCE banks
[    0.064025] Last level iTLB entries: 4KB 64, 2MB 8, 4MB 8
[    0.066077] Last level dTLB entries: 4KB 64, 2MB 0, 4MB 0, 1GB 4
[    0.068010] Spectre V2 : Mitigation: Full generic retpoline
[    0.071223] Spectre V2 : Spectre v2 / SpectreRSB mitigation: Filling RSB on context switch
[    0.072006] Speculative Store Bypass: Vulnerable
[    0.076083] MDS: Vulnerable: Clear CPU buffers attempted, no microcode
[    0.080145] Freeing SMP alternatives memory: 36K
[    0.088000] smpboot: CPU0: Intel(R) Core(TM) m3-6Y30 CPU @ 0.90GHz (family: 0x6, model: 0x4e, stepping: 0x3)
[    0.088125] Performance Events: unsupported p6 CPU model 78 no PMU driver, software events only.
[    0.092089] Hierarchical SRCU implementation.
[    0.096988] NMI watchdog: Perf event create on CPU 0 failed with -2
[    0.100008] NMI watchdog: Perf NMI watchdog permanently disabled
[    0.103075] smp: Bringing up secondary CPUs ...
[    0.104132] x86: Booting SMP configuration:
[    0.108007] .... node  #0, CPUs:      #1
[    0.004000] kvm-clock: cpu 1, msr 0:3ff44041, secondary cpu clock
[    0.004000] mce: CPU supports 0 MCE banks
[    0.120033] smp: Brought up 1 node, 2 CPUs
[    0.122121] smpboot: Max logical packages: 1
[    0.124013] smpboot: Total of 2 processors activated (4415.99 BogoMIPS)
[    0.128252] devtmpfs: initialized
[    0.132251] x86/mm: Memory block size: 128MB
[    0.136337] evm: security.selinux
[    0.140008] evm: security.SMACK64
[    0.144051] evm: security.SMACK64EXEC
[    0.148264] evm: security.SMACK64TRANSMUTE
[    0.152063] evm: security.SMACK64MMAP
[    0.156004] evm: security.apparmor
[    0.160008] evm: security.ima
[    0.162410] evm: security.capability
[    0.164362] clocksource: jiffies: mask: 0xffffffff max_cycles: 0xffffffff, max_idle_ns: 7645041785100000 ns
[    0.168030] futex hash table entries: 512 (order: 3, 32768 bytes)
[    0.172114] pinctrl core: initialized pinctrl subsystem
[    0.180228] RTC time:  8:01:40, date: 07/16/19
[    0.184275] NET: Registered protocol family 16
[    0.188101] audit: initializing netlink subsys (disabled)
[    0.192070] audit: type=2000 audit(1563264102.095:1): state=initialized audit_enabled=0 res=1
[    0.220015] cpuidle: using governor ladder
[    0.224033] cpuidle: using governor menu
[    0.228077] ACPI: bus type PCI registered
[    0.230028] acpiphp: ACPI Hot Plug PCI Controller Driver version: 0.5
[    0.232191] PCI: Using configuration type 1 for base access
[    0.237490] HugeTLB registered 2.00 MiB page size, pre-allocated 0 pages
[    0.240460] ACPI: Added _OSI(Module Device)
[    0.244010] ACPI: Added _OSI(Processor Device)
[    0.248008] ACPI: Added _OSI(3.0 _SCP Extensions)
[    0.252007] ACPI: Added _OSI(Processor Aggregator Device)
[    0.256010] ACPI: Added _OSI(Linux-Dell-Video)
[    0.260014] ACPI: Added _OSI(Linux-Lenovo-NV-HDMI-Audio)
[    0.264010] ACPI: Added _OSI(Linux-HPI-Hybrid-Graphics)
[    0.268716] ACPI: Executed 1 blocks of module-level executable AML code
[    0.281677] ACPI: Interpreter enabled
[    0.284030] ACPI: (supports S0 S5)
[    0.285640] ACPI: Using IOAPIC for interrupt routing
[    0.288423] PCI: Using host bridge windows from ACPI; if necessary, use "pci=nocrs" and report a bug
[    0.292360] ACPI: Enabled 2 GPEs in block 00 to 07
[    0.308032] ACPI: PCI Root Bridge [PCI0] (domain 0000 [bus 00-ff])
[    0.312021] acpi PNP0A03:00: _OSC: OS supports [ASPM ClockPM Segments MSI]
[    0.316075] acpi PNP0A03:00: _OSC: not requesting OS control; OS requires [ExtendedConfig ASPM ClockPM MSI]
[    0.320031] acpi PNP0A03:00: fail to add MMCONFIG information, can't access extended PCI configuration space under this bridge.
[    0.324817] PCI host bridge to bus 0000:00
[    0.328008] pci_bus 0000:00: root bus resource [io  0x0000-0x0cf7 window]
[    0.332011] pci_bus 0000:00: root bus resource [io  0x0d00-0xffff window]
[    0.336011] pci_bus 0000:00: root bus resource [mem 0x000a0000-0x000bffff window]
[    0.340012] pci_bus 0000:00: root bus resource [mem 0x40000000-0xfdffffff window]
[    0.344013] pci_bus 0000:00: root bus resource [bus 00-ff]
[    0.354621] pci 0000:00:01.1: legacy IDE quirk: reg 0x10: [io  0x01f0-0x01f7]
[    0.356015] pci 0000:00:01.1: legacy IDE quirk: reg 0x14: [io  0x03f6]
[    0.360011] pci 0000:00:01.1: legacy IDE quirk: reg 0x18: [io  0x0170-0x0177]
[    0.364020] pci 0000:00:01.1: legacy IDE quirk: reg 0x1c: [io  0x0376]
[    0.416000] pci 0000:00:07.0: quirk: [io  0x4000-0x403f] claimed by PIIX4 ACPI
[    0.420105] pci 0000:00:07.0: quirk: [io  0x4100-0x410f] claimed by PIIX4 SMB
[    0.463331] ACPI: PCI Interrupt Link [LNKA] (IRQs 5 9 10 *11)
[    0.468201] ACPI: PCI Interrupt Link [LNKB] (IRQs 5 9 *10 11)
[    0.472431] ACPI: PCI Interrupt Link [LNKC] (IRQs 5 *9 10 11)
[    0.476409] ACPI: PCI Interrupt Link [LNKD] (IRQs 5 9 10 *11)
[    0.481238] SCSI subsystem initialized
[    0.484127] pci 0000:00:02.0: vgaarb: setting as boot VGA device
[    0.488000] pci 0000:00:02.0: vgaarb: VGA device added: decodes=io+mem,owns=io+mem,locks=none
[    0.488013] pci 0000:00:02.0: vgaarb: bridge control possible
[    0.492009] vgaarb: loaded
[    0.496079] ACPI: bus type USB registered
[    0.500058] usbcore: registered new interface driver usbfs
[    0.504038] usbcore: registered new interface driver hub
[    0.506139] usbcore: registered new device driver usb
[    0.508100] EDAC MC: Ver: 3.0.0
[    0.512484] PCI: Using ACPI for IRQ routing
[    0.516875] NetLabel: Initializing
[    0.518455] NetLabel:  domain hash size = 128
[    0.520006] NetLabel:  protocols = UNLABELED CIPSOv4 CALIPSO
[    0.522522] NetLabel:  unlabeled traffic allowed by default
[    0.524137] clocksource: Switched to clocksource kvm-clock
[    0.560996] VFS: Disk otas dquot6.6.0
[    0.666048] VFS: Dquot-cache hash table entries: 512 (order 0,4096 byte)
[    0.735072] AppArmor: AppArmor Filesystem Enabled
[    0.73743] pnp: Pn ACPI int[   0.86881] pnp:nP ACPI: found 3 devices
[    1053555] clockource: ai_pm:mask: 0fffff max_cycles 0xfffff, max_idlens: 20850102 ns
[    1.461986] NET: Registered protocol family 2

[    1.467835] TCP established hash table entries: 8192 (order: 4, 65536 bytes)
[    1.471575] TCP bind hash table entries: 8192 (order: 5, 131072 bytes)
[    1.475568] TCP: Hash tables configured (established 8192 bind 8192)
[    1.480087] UDP hash table entries: 512 (order: 2, 16384 bytes)
[    1.482910] UDP-Lite hash table entries: 512 (order: 2,6384 ytes)
[    1.642173] NET: Registered protocol family 1
[    1.646659] pci 0000:00:00.0: Limiting direct PCI/PCI transfrs
[    1.703626] pci 0000:00:01.0: Activating ISA MA hang workarounds
[    1.741285] pci 0000:00:02.0: Video device with hadowed ROM at mem 0x00c0000-0x000dffff]

[    1.846348] Unpacking initramfs...
[    2.328039] Freeing initrd memory: 19512K
[    2.359250] clocksource: tsc: mask: 0xffffffffffffffff max_cycles: 0xfe9db20617, max_idle_ns: 440795223853 ns
[    2.413858] platform rtc_cmos: registered platform RTC device (no PNP device found)
[    2.462666] Scanning for low memory corruption every 60 seconds
[    2.510327] Initialise system trusted keyrings
[    2.528532] Key type blacklist registered
[    2.538389] workingset: timestamp_bits=36 max_order=18 bucket_order=0
[    2.578515] zbud: loaded
[    2.581104] squashfs: version 4.0 (2009/01/31) Phillip Lougher
[    2.601797] fuse init (API version 7.26)
[    2.622982] Key type asymmetric registered
[    2.625408] Asymmetric key parser 'x509' registered
[    2.627800] Block layer SCSI generic (bsg) driver version 0.4 loaded (major 246)
[    2.636019] io scheduler noop registered
[    2.638132] io scheduler deadline registered
[    2.640683] io scheduler cfq registered (default)
[    2.643549] ACPI: AC Adapter [AC] (on-line)
[    2.648970] input: Power Button as /devices/LNXSYSTM:00/LNXPWRBN:00/input/input0
[    2.654098] ACPI: Power Button [PWRF]
[    2.656525] input: Sleep Button as /devices/LNXSYSTM:00/LNXSLPBN:00/input/input1
[    2.661233] ACPI: Sleep Button [SLPF]
[    2.675046] ACPI: Battery Slot [BAT0] (battery present)
[    2.681604] Serial: 8250/16550 driver, 32 ports, IRQ sharing enabled
[    2.729244] 00:02: ttyS0 at I/O 0x3f8 (irq = 4, base_baud = 115200) is a 16550A
[    2.772077] Linux agpgart interface v0.103
[    2.803713] loop: module loaded
[    2.814235] scsi host0: ata_piix
[    2.836887] scsi host1: ata_piix
[    2.846498] ata1: PATA max UDMA/33 cmd 0x1f0 ctl 0x3f6 bmdma 0xd000 irq 14
[    2.885856] ata2: PATA max UDMA/33 cmd 0x170 ctl 0x376 bmdma 0xd008 irq 15
[    2.890793] libphy: Fixed MDIO Bus: probed
[    2.892890] tun: Universal TUN/TAP device driver, 1.6
[    2.898193] PPP generic driver version 2.4.2
[    2.914564] ehci_hcd: USB 2.0 'Enhanced' Host Controller (EHCI) Driver
[    2.936226] ehci-pci: EHCI PCI platform driver
[    2.964725] ehci-platform: EHCI generic platform driver
[    2.980540] ohci_hcd: USB 1.1 'Open' Host Controller (OHCI) Driver
[    3.021234] ohci-pci: OHCI PCI platform driver
[    3.048110] ohci-platform: OHCI generic platform driver
[    3.055483] uhci_hcd:USB niversal Host Controller Interface driver
[    3.122743]i8042:PNP: PS/2 Controller [PNP0303:PS2K,PNP0f03:PS2M] at 0x60,0x64 irq 1,12
[    3.191166] serio: i8042 KBD port at 0x60,064 irq 1
[    3.224517] srio:i8042 AUX port at 0x60,0x64 irq 12

[    3.291535] mousedev: PS/2 mouse device common for all mice
[    3.305221] rtc_cmos rtc_cmos: rtc core: registered rtc_cmos as rtc0
[    3.326719] rtc_cmos rtc_cmos: alarms up to one day, 114 bytes nvram
[    3.336460] input: AT Tanslated Set 2 keyboard as /devices/platform/i8042/serio0/input/input2

[    3.374991] i2c /deventries driver

[    3.415399] device-mapper: uevent: version 1.0.3
[    3.423571] device-mapper: ioctl: 4.37.0-ioctl (2017-09-20) initialised: dm-devel@redhat.com
[    3.449264] ledtrig-cpu: registered to indicate activity on CPUs
[    3.468367] NET: Registered protocol family 10
[    3.496345] Segment Routing with IPv6
[    3.499640] NET: Registered protocol family 17
[    3.529514] Key type dns_resolver registered
[    3.542683] RAS: Correctable Errors collector initialized.
[    3.565630] sched_clock: Marking stable (3565583940, 0)->(11810551754, -8244967814)
[    3.602641] registered taskstats version 1
[    3.611176] Loading compiled-in X.509 certificates
[    3.626332] Loaded X.509 cert 'Build time autogenerated kernel key: 090ea8f218b1de455a55c926855dfde92833e981'
[    3.658450] zswap: loaded using pool lzo/zbud
[    3.689411] Key type big_key registered
[    3.706629] Key type trusted registered
[    3.721781] Key type encrypted registered
[    3.730936] AppArmor: AppArmor sha1 policy hashing enabled
[    3.739368] ima: No TPM chip found, activating TPM-bypass! (rc=-19)
[    3.758597] ima: Allocated hash algorithm: sha1
[    3.765910] evm: HMAC attrs: 0x1
[    3.774451]   Magic number: 11:17:18
[    3.778836] rtc_cmos rtc_cmos: setting system clock to 2019-07-16 08:01:44 UTC (1563264104)
[    3.791384] BIOS EDD facility v0.16 2004-Jun-25, 0 devices found
[    3.803022] EDD information not available.
[    3.808866] Freeing unused kernel image memory: 2408K
[    3.828245] Write protecting the kernel read-only data: 20480k
[    3.833921] Freeing unused kernel image memory: 2008K
[    3.838483] Freeing unused kernel image memory: 1872K
[    3.870467] x86/mm: Checked W+X mappings: passed, no W+X pages found.
[    3.877392] x86/mm: Checking user space page tables
[    3.905315] x86/mm: Checked W+X mappings: passed, no W+X pages found.
Loading, please wait...
starting version 237
[    4.039861] e1000: Intel(R) PRO/1000 Network Driver - version 7.3.21-k8-NAPI
[    4.066756] e1000: Copyright (c) 1999-2006 Intel Corporation.
[    4.074646] Fusion MPT base driver 3.04.20
[    4.076954] Copyright (c) 1999-2008 LSI Corporation
[    4.130640] AVX2 version of gcm_enc/dec engaged.
[    4.133803] AES CTR mode by8 optimization enabled
[    4.154835] Fusion MPT SPI Host driver 3.04.20
[    4.323763] input: ImExPS/2 Generic Explorer Mouse as /devices/platform/i8042/serio1/input/input4
[    4.650799] e1000 0000:00:03.0 eth0: (PCI:33MHz:32-bit) 02:88:80:28:66:3a
[    6.111792] e1000 0000:00:03.0 eth0: Intel(R) PRO/1000 Network Connection
[    6.140648] mptbase: ioc0: Initiating bringup
[    6.442247] ioc0: LSI53C1030 A0: Capabilities={Initiator}
[    7.231671] scsi host2: ioc0: LSI53C1030 A0, FwRev=00000000h, Ports=1, MaxQ=256, IRQ=20
[    8.164502] scsi 2:0:0:0: Direct-Access     VBOX     HARDDISK         1.0  PQ: 0 ANSI: 5
[    8.252194] scsi target2:0:0: Beginning Domain Validation
[    8.257027] scsi target2:0:0: Domain Validation skipping write tests
[    8.259605] scsi target2:0:0: Ending Domain Validation
[    8.262457] scsi target2:0:0: asynchronous
[    8.265870] scsi 2:0:1:0: Direct-Access     VBOX     HARDDISK         1.0  PQ: 0 ANSI: 5
[    8.620134] scsi target2:0:1: Beginning Domain Validation
[    8.622794] random: fast init done
[    8.626191] scsi target2:0:1: Domain Validation skipping write tests
[    8.630377] scsi target2:0:1: Ending Domain Validation
[    8.638765] scsi target2:0:1: asynchronous
[    8.649474] sd 2:0:0:0: Attached scsi generic sg0 type 0
[    8.651671] random: systemd-udevd: uninitialized urandom read (16 bytes read)
[    8.651691] random: systemd-udevd: uninitialized urandom read (16 bytes read)
[    8.651695] random: systemd-udevd: uninitialized urandom read (16 bytes read)
[    8.665388] sd 2:0:1:0: Attached scsi generic sg1 type 0
[    8.671580] sd 2:0:1:0: [sdb] 20480 512-byte logical blocks: (10.5 MB/10.0 MiB)
[    8.677172] sd 2:0:1:0: [sdb] Write Protect is off
[    8.683933] sd 2:0:1:0: [sdb] Incomplete mode parameter data
[    8.688476] sd 2:0:1:0: [sdb] Assuming drive cache: write through
[    8.691909] sd 2:0:0:0: [sda] 20971520 512-byte logical blocks: (10.7 GB/10.0 GiB)
[    8.695338] sd 2:0:1:0: [sdb] Attached SCSI disk
[    8.703031] sd 2:0:0:0: [sda] Write Protect is off
[    8.719648] sd 2:0:0:0: [sda] Incomplete mode parameter data
[    8.762478] sd 2:0:0:0: [sda] Assuming drive cache: write through
[    8.827535]  sda: sda1
[    8.842935] e1000 0000:00:08.0 eth1: (PCI:33MHz:32-bit) 08:00:27:85:95:d6
[    8.982990] e1000 0000:00:08.0 eth1: Intel(R) PRO/1000 Network Connection
[    9.002217] e1000 0000:00:08.0 enp0s8: renamed from eth1
[    9.009355] sd 2:0:0:0: [sda] Attached SCSI disk
[    9.041735] e1000 0000:00:03.0 enp0s3: renamed from eth0
Begin: Loading essential drivers ... [   10.676336] raid6: sse2x1   gen()  7059 MB/s
[   10.748037] raid6: sse2x1   xor()  4936 MB/s
[   10.812279] raid6: sse2x2   gen()  8217 MB/s
[   10.860171] raid6: sse2x2   xor()  4488 MB/s
[   10.912180] raid6: sse2x4   gen()  3125 MB/s
[   10.964516] raid6: sse2x4   xor()  3142 MB/s
[   11.028385] raid6: avx2x1   gen() 13558 MB/s
[   11.084397] raid6: avx2x1   xor()  8808 MB/s
[   11.156552] raid6: avx2x2   gen() 16523 MB/s
[   11.220058] raid6: avx2x2   xor() 10243 MB/s
[   11.292246] raid6: avx2x4   gen() 18351 MB/s
[   11.356352] raid6: avx2x4   xor() 11435 MB/s
[   11.361610] raid6: using algorithm avx2x4 gen() 18351 MB/s
[   11.384467] raid6: .... xor() 11435 MB/s, rmw enabled
[   11.386870] raid6: using avx2x2 recovery algorithm
[   11.420471] xor: automatically using best checksumming function   avx       
[   11.497395] async_tx: api initialized (async)
done.
Begin: Running /scripts/init-premount ... done.
Begin: Mounting root file system ... Begin: Running /scripts/local-top ... done.
Begin: Running /scripts/local-premount ... [   11.571582] Btrfs loaded, crc32c=crc32c-intel
Scanning for Btrfs filesystems
done.
Warning: fsck no[   11.629295] EXT4-fs (sda1): INFO: recovery required on readonly filesystem
t present, so sk[   11.665116] EXT4-fs (sda1): write access will be enabled during recovery
ipping root file system
[   11.708191] EXT4-fs (sda1): recovery complete
[   11.713306] EXT4-fs (sda1): mounted filesystem with ordered data mode. Opts: (null)
done.
Begin: Running /scripts/local-bottom ... done.
Begin: Running /scripts/init-bottom ... done.
[   12.430341] ip_tables: (C) 2000-2006 Netfilter Core Team
[   12.992926] systemd[1]: systemd 237 running in system mode. (+PAM +AUDIT +SELINUX +IMA +APPARMOR +SMACK +SYSVINIT +UTMP +LIBCRYPTSETUP +GCRYPT +GNUTLS +ACL +XZ +LZ4 +SECCOMP +BLKID +ELFUTILS +KMOD -IDN2 +IDN -PCRE2 default-hierarchy=hybrid)
[   15.260628] systemd[1]: Detected virtualization oracle.
[   15.980695] systemd[1]: Detected architecture x86-64.

Welcome to [1mUbuntu 18.04.2 LTS[0m!

[   16.686889] systemd[1]: Set hostname to <ubuntu-bionic>.
[   17.169600] random: crng init done
[   17.178192] random: 7 urandom warning(s) missed due to ratelimiting
[   17.584948] systemd[1]: Reached target Swap.
[[0;32m  OK  [0m] Reached target Swap.
[   18.622435] systemd[1]: Reached target System Time Synchronized.
[[0;32m  OK  [0m] Reached target System Time Synchronized.
[   19.648134] systemd[1]: Reached target User and Group Name Lookups.
[[0;32m  OK  [0m] Reached target User and Group Name Lookups.
[   20.014336] systemd[1]: Created slice System Slice.
[[0;32m  OK  [0m] Created slice System Slice.
[   20.041750] systemd[1]: Listening on udev Control Socket.
[[0;32m  OK  [0m] Listening on udev Control Socket.
[   20.127807] systemd[1]: Created slice system-serial\x2dgetty.slice.
[[0;32m  OK  [0m] Created slice system-serial\x2dgetty.slice.
[   20.461868] systemd[1]: Listening on LVM2 metadata daemon socket.
[[0;32m  OK  [0m] Listening on LVM2 metadata daemon socket.
[   20.493358] systemd[1]: Listening on Journal Socket.
[[0;32m  OK  [0m] Listening on Journal Socket.
[   21.149541] systemd[1]: Mounting Kernel Debug File System...
         Mounting Kernel Debug File System...
[   21.184731] systemd[1]: Started Forward Password Requests to Wall Directory Watch.
[[0;32m  OK  [0m] Started Forward Password Requests to Wall Directory Watch.
[   21.438012] systemd[1]: Listening on Syslog Socket.
[[0;32m  OK  [0m] Listening on Syslog Socket.
[[0;32m  OK  [0m] Listening on Journal Socket (/dev/log).
[[0;32m  OK  [0m] Listening on udev Kernel Socket.
         Starting udev Coldplug all Devices...
         Mounting Huge Pages File System...
[[0;32m  OK  [0m] Listening on /dev/initctl Compatibility Named Pipe.
[[0;32m  OK  [0m] Listening on Device-mapper event daemon FIFOs.
         Starting Monitoring of LVM2 mirrorsâ€¦ng dmeventd or progress polling...
         Mounting POSIX Message Queue File System...
         Starting Load Kernel Modules...
[[0;32m  OK  [0m] Listening on Network Service Netlink Socket.
[[0;32m  OK  [0m] Set up automount Arbitrary Executabâ€¦rmats File System Automount Point.
[   21.624564] Loading iSCSI transport class v2.0-870.
         Starting Remount Root and Kernel File Systems...
         Starting Create list of required stâ€¦ce nodes for the current kernel...
         Starting Set the console keyboard layout...
         Starting Uncomplicated firewall...
[[0;32m  OK  [0m] Listening on LVM2 poll daemon socket.
[[0;32m  OK  [0m] Listening on Journal Audit Socket.
[   21.709723] iscsi: registered transport (tcp)
         Starting Journal Service...
[[0;32m  OK  [0m] Created slice User and Session Slice.
[[0;32m  OK  [0m] Reached target Slices.
[[0;32m  OK  [0m] Mounted Kernel Debug File System.
[[0;32m  OK  [0m] Mounted Huge Pages File System.
[   21.767606] EXT4-fs (sda1): re-mounted. Opts: (null)
[[0;32m  OK  [0m] Mounted POSIX Message Queue File System.
[[0;32m  OK  [0m] Started Remo[   21.832855] iscsi: registered transport (iser)
unt Root and Kernel File Systems.
[[0;32m  OK  [0m] Started Create list of required staâ€¦vice nodes for the current kernel.
[[0;32m  OK  [0m] Started Uncomplicated firewall.
[[0;32m  OK  [0m] Started Load Kernel Modules.
[[0;32m  OK  [0m] Started Journal Service.
[[0;32m  OK  [0m] Started udev Coldplug all Devices.
[[0;32m  OK  [0m] Started LVM2 metadata daemon.
         Mounting FUSE Control File System...
         Mounting Kernel Configuration File System...
         Starting Apply Kernel Variables...
         Starting Create Static Device Nodes in /dev...
         Starting Load/Save Random Seed...
         Starting Initial cloud-init job (pre-networking)...
         Starting Flush Journal to Persistent Storage...
[[0;32m  OK  [0m] Started Monitoring of LVM2 mirrors,â€¦sing dmeventd or progress polling.
[[0;32m  OK  [0m] Started Set the console keyboard layout.
[[0;32m  OK  [0m] Mounted FUSE Control File System.
[[0;32m  OK  [0m] Mounted Kernel Configuration File System.
[[0;32m  OK  [0m] Started Load/Save Random Seed.
[[0;32m  OK  [0m] Started Apply Kernel Variables.
[[0;32m  OK  [0m] Started Create Static Device Nodes in /dev.
         Starting udev Kernel Device Manager...
[[0;32m  OK  [0m] Reached target Local File Systems (Pre).
[[0;32m  OK  [0m] Reached target Local File Systems.
         Starting Tell Plymouth To Write Out Runtime Data...
         Starting Set console font and keymap...
         Starting AppArmor initialization...
         Starting ebtables ruleset management...
[[0;32m  OK  [0m] Started udev Kernel Device Manager.
[[0;32m  OK  [0m] Started Dispatch Password Requests to Console Directory Watch.
[[0;32m  OK  [0m] Reached target Local Encrypted Volumes.
[[0;32m  OK  [0m] Started Tell Plymouth To Write Out Runtime Data.
[[0;32m  OK  [0m] Started Set console font and keymap.
[[0;32m  OK  [0m] Started ebtables ruleset management.
[[0;32m  OK  [0m] Started Flush Journal to Persistent Storage.
         Starting Create Volatile Files and Directories...
[[0;32m  OK  [0m] Started Create Volatile Files and Directories.
         Starting Update UTMP about System Boot/Shutdown...
[[0;32m  OK  [0m] Found device /dev/ttyS0.
[[0;32m  OK  [0m] Started Update UTMP about System Boot/Shutdown.
[[0;32m  OK  [0m] Listening on Load/Save RF Kill Switch Status /dev/rfkill Watch.
[[0;32m  OK  [0m] Started AppArmor initialization.
[   24.919912] cloud-init[422]: Cloud-init v. 18.4-0ubuntu1~18.04.1 running 'init-local' at Tue, 16 Jul 2019 08:02:05 +0000. Up 24.63 seconds.
[[0;32m  OK  [0m] Started Initial cloud-init job (pre-networking).
[[0;32m  OK  [0m] Reached target Network (Pre).
         Starting Network Service...
[[0;32m  OK  [0m] Started Network Service.
         Starting Wait for Network to be Configured...
         Starting Network Name Resolution...
[[0;32m  OK  [0m] Started Network Name Resolution.
[[0;32m  OK  [0m] Reached target Host and Network Name Lookups.
[[0;32m  OK  [0m] Reached target Network.
[[0;32m  OK  [0m] Started Wait for Network to be Configured.
         Starting Initial cloud-init job (metadata service crawler)...
[   27.967921] cloud-init[650]: Cloud-init v. 18.4-0ubuntu1~18.04.1 running 'init' at Tue, 16 Jul 2019 08:02:08 +0000. Up 27.76 seconds.
[   27.972598] cloud-init[650]: ci-info: ++++++++++++++++++++++++++++++++++++++Net device info+++++++++++++++++++++++++++++++++++++++
[   28.004735] cloud-init[650]: ci-info: +--------+------+-----------------------------+---------------+--------+-------------------+
[   28.014270] cloud-init[650]: ci-info: | Device |  Up  |           Address           |      Mask     | Scope  |     Hw-Address    |
[   28.025305] cloud-init[650]: ci-info: +--------+------+-----------------------------+---------------+--------+-------------------+
[   28.029472] cloud-init[650]: ci-info: | enp0s3 | True |          10.0.2.15          | 255.255.255.0 | global | 02:88:80:28:66:3a |
[   28.068468] cloud-init[650]: ci-info: | enp0s3 | True |  fe80::88:80ff:fe28:663a/64 |       .       |  link  | 02:88:80:28:66:3a |
[   28.104916] cloud-init[650]: ci-info: | enp0s8 | True |        192.168.33.10        | 255.255.255.0 | global | 08:00:27:85:95:d6 |
[   28.148434] cloud-init[650]: ci-info: | enp0s8 | True | fe80::a00:27ff:fe85:95d6/64 |       .       |  link  | 08:00:27:85:95:d6 |
[   28.192826] cloud-init[650]: ci-info: |   lo   | True |          127.0.0.1          |   255.0.0.0   |  host  |         .         |
[   28.197349] cloud-init[650]: ci-info: |   lo   | True |           ::1/128           |       .       |  host  |         .         |
[   28.208455] cloud-init[650]: ci-info: +--------+------+-----------------------------+---------------+--------+-------------------+
[   28.219262] cloud-init[650]: ci-info: +++++++++++++++++++++++++++++Route IPv4 info+++++++++++++++++++++++++++++
[   28.225047] cloud-init[650]: ci-info: +-------+--------------+----------+-----------------+-----------+-------+
[   28.232648] cloud-init[650]: ci-info: | Route | Destination  | Gateway  |     Genmask     | Interface | Flags |
[   28.243063] cloud-init[650]: ci-info: +-------+--------------+----------+-----------------+-----------+-------+
[   28.261796] cloud-init[650]: ci-info: |   0   |   0.0.0.0    | 10.0.2.2 |     0.0.0.0     |   enp0s3  |   UG  |
[   28.265462] cloud-init[650]: ci-info: |   1   |   10.0.2.0   | 0.0.0.0  |  255.255.255.0  |   enp0s3  |   U   |
[   28.269393] cloud-init[650]: ci-info: |   2   |   10.0.2.2   | 0.0.0.0  | 255.255.255.255 |   enp0s3  |   UH  |
[   28.283375] cloud-init[650]: ci-info: |   3   | 192.168.33.0 | 0.0.0.0  |  255.255.255.0  |   enp0s8  |   U   |
[   28.288278] cloud-init[650]: ci-info: +-------+--------------+----------+-----------------+-----------+-------+
[   28.294604] cloud-init[650]: ci-info: +++++++++++++++++++Route IPv6 info+++++++++++++++++++
[   28.300350] cloud-init[650]: ci-info: +-------+-------------+---------+-----------+-------+
[   28.303645] cloud-init[650]: ci-info: | Route | Destination | Gateway | Interface | Flags |
[   28.307040] cloud-init[650]: ci-info: +-------+-------------+---------+-----------+-------+
[   28.310049] cloud-init[650]: ci-info: |   1   |  fe80::/64  |    ::   |   enp0s8  |   U   |
[   28.313976] cloud-init[650]: ci-info: |   2   |  fe80::/64  |    ::   |   enp0s3  |   U   |
[   28.327122] cloud-init[650]: ci-info: |   4   |    local    |    ::   |   enp0s3  |   U   |
[   28.356905] cloud-init[650]: ci-info: |   5   |    local    |    ::   |   enp0s8  |   U   |
[   28.369050] cloud-init[650]: ci-info: |   6   |   ff00::/8  |    ::   |   enp0s8  |   U   |
[[0;32m  OK  [0m] Started Initial cloud-init job (metadata service crawler).
[[0;32m  OK  [0m] Reached target System Initialization.
[   28.426860] cloud-init[650]: ci-info: |   7   |   ff00::/8  |    ::   |   enp0s3  |   U   |
[   28.494130] cloud-init[650]: ci-info: +-------+-------------+---------+-----------+-------+
[[0;32m  OK  [0m] Started Discard unused blocks once a week.
         Starting Socket activation for snappy daemon.
[[0;32m  OK  [0m] Started Daily apt download activities.
[[0;32m  OK  [0m] Started ACPI Events Check.
[[0;32m  OK  [0m] Reached target Paths.
[[0;32m  OK  [0m] Listening on UUID daemon activation socket.
[[0;32m  OK  [0m] Started Daily apt upgrade and clean activities.
[[0;32m  OK  [0m] Listening on Open-iSCSI iscsid Socket.
[[0;32m  OK  [0m] Started Daily Cleanup of Temporary Directories.
         Starting LXD - unix socket.
[[0;32m  OK  [0m] Listening on D-Bus System Message Bus Socket.
[[0;32m  OK  [0m] Started Message of the Day.
[[0;32m  OK  [0m] Listening on ACPID Listen Socket.
[[0;32m  OK  [0m] Reached target Timers.
[[0;32m  OK  [0m] Reached target Network is Online.
[[0;32m  OK  [0m] Reached target Remote File Systems (Pre).
[[0;32m  OK  [0m] Reached target Remote File Systems.
         Starting Availability of block devices...
[[0;32m  OK  [0m] Reached target Cloud-config availability.
[[0;32m  OK  [0m] Listening on Socket activation for snappy daemon.
[[0;32m  OK  [0m] Listening on LXD - unix socket.
[[0;32m  OK  [0m] Started Availability of block devices.
[[0;32m  OK  [0m] Reached target Sockets.
[[0;32m  OK  [0m] Reached target Basic System.
[[0;32m  OK  [0m] Started Regular background program processing daemon.
[[0;32m  OK  [0m] Started FUSE filesystem for LXC.
         Starting Dispatcher daemon for systemd-networkd...
         Starting LXD - container startup/shutdown...
         Starting Accounts Service...
         Starting Discard unused blocks...
         Starting Snappy daemon...
         Starting Permit User Sessions...
[[0;32m  OK  [0m] Started irqbalance daemon.
         Starting LSB: automatic crash report generation...
[[0;32m  OK  [0m] Started Deferred execution scheduler.
         Starting System Logging Service...
         Starting Login Service...
         Starting OpenBSD Secure Shell server...
         Starting Virtualbox guest utils...
         Starting LSB: Record successful boot for GRUB...
[[0;32m  OK  [0m] Started D-Bus System Message Bus.
[[0;32m  OK  [0m] Started Login Service.
[[0;32m  OK  [0m] Started Unattended Upgrades Shutdown.
[[0;32m  OK  [0m] Started System Logging Service.
[[0;32m  OK  [0m] Started Dispatcher daemon for systemd-networkd.
[[0;32m  OK  [0m] Started LXD - container startup/shutdown.
[[0;32m  OK  [0m] Started Discard unused blocks.
[[0;32m  OK  [0m] Started Permit User Sessions.
[[0;32m  OK  [0m] Started OpenBSD Secure Shell server.
         Starting Authorization Manager...
         Starting Hold until boot process finishes up...
         Starting Terminate Plymouth Boot Screen...
[[0;32m  OK  [0m] Started LSB: automatic crash report generation.
[[0;32m  OK  [0m] Started Hold until boot process finishes up.
[[0;32m  OK  [0m] Started Terminate Plymouth Boot Screen.
         Starting Set console scheme...
[[0;32m  OK  [0m] Started Serial Getty on ttyS0.
[[0;32m  OK  [0m] Started Virtualbox guest utils.
[[0;32m  OK  [0m] Started Set console scheme.
[[0;32m  OK  [0m] Started Snappy daemon.
         Starting Wait until snapd is fully seeded...
[[0;32m  OK  [0m] Created slice system-getty.slice.
[[0;32m  OK  [0m] Started Getty on tty1.
[[0;32m  OK  [0m] Reached target Login Prompts.
[[0;32m  OK  [0m] Started LSB: Record successful boot for GRUB.
[[0;32m  OK  [0m] Started Authorization Manager.
[[0;32m  OK  [0m] Started Accounts Service.
[[0;32m  OK  [0m] Created slice User Slice of vagrant.
[[0;32m  OK  [0m] Started Wait until snapd is fully seeded.
[[0;32m  OK  [0m] Started Session 1 of user vagrant.
         Starting Apply the settings specified in cloud-config...
[[0;32m  OK  [0m] Reached target Multi-User System.
[[0;32m  OK  [0m] Reached target Graphical Interface.
         Starting Update UTMP about System Runlevel Changes...
         Starting User Manager for UID 1000...
[[0;32m  OK  [0m] Started Update UTMP about System Runlevel Changes.
[[0;32m  OK  [0m] Started User Manager for UID 1000.
[   32.148998] cloud-init[1034]: Cloud-init v. 18.4-0ubuntu1~18.04.1 running 'modules:config' at Tue, 16 Jul 2019 08:02:12 +0000. Up 31.94 seconds.
[[0;32m  OK  [0m] Started Apply the settings specified in cloud-config.
         Starting Execute cloud user/final scripts...
[   33.191280] cloud-init[1103]: Cloud-init v. 18.4-0ubuntu1~18.04.1 running 'modules:final' at Tue, 16 Jul 2019 08:02:13 +0000. Up 32.99 seconds.
[   33.197528] cloud-init[1103]: Cloud-init v. 18.4-0ubuntu1~18.04.1 finished at Tue, 16 Jul 2019 08:02:13 +0000. Datasource DataSourceNoCloud [seed=/dev/sdb][dsmode=net].  Up 33.17 seconds
[[0;32m  OK  [0m] Started Execute cloud user/final scripts.
         Starting Daily apt download activities...
[[0;32m  OK  [0m] Reached target Cloud-init target.

Ubuntu 18.04.2 LTS ubuntu-bionic ttyS0

ubuntu-bionic login:          Stopping LSB: automatic crash report generation...
[[0;32m  OK  [0m] Stopped LSB: automatic crash report generation.
         Starting LSB: automatic crash report generation...
[[0;32m  OK  [0m] Started LSB: automatic crash report generation.
[[0;32m  OK  [0m] Started Daily apt upgrade and clean activities.
